[VERBOSE] PATH REPLACED: 'dam_compressed.k31.hapmer_from_utig4-936' was replaced by patch(es) 'dam_compressed.k31.hapmer_from_utig4-936'
[VERBOSE] PATH REPLACED: 'sire_compressed.k31.hapmer_from_utig4-1727' was replaced by patch(es) 'sire_compressed.k31.hapmer_from_utig4-1727'
[VERBOSE] PATH REPLACED: 'dam_compressed.k31.hapmer_from_utig4-234' was replaced by patch(es) 'dam_compressed.k31.hapmer_from_utig4-234'
[VERBOSE] PATH REPLACED: 'sire_compressed.k31.hapmer_from_utig4-2061' was replaced by patch(es) 'sire_compressed.k31.hapmer_from_utig4-2061'
[VERBOSE] PATH REPLACED: 'dam_compressed.k31.hapmer_from_utig4-1154' was replaced by patch(es) 'dam_compressed.k31.hapmer_from_utig4-1154'
[VERBOSE] PATH REPLACED: 'dam_compressed.k31.hapmer_from_utig4-710' was replaced by patch(es) 'dam_compressed.k31.hapmer_from_utig4-710'
[VERBOSE] PATH MERGED: 'sire_compressed.k31.hapmer_from_utig4-901' was replaced by patch(es) 'sire_compressed.k31.hapmer_from_utig4-1954' (combined with 'sire_compressed.k31.hapmer_from_utig4-1954')'
[VERBOSE] PATH REPLACED: 'sire_compressed.k31.hapmer_from_utig4-137' was replaced by patch(es) 'sire_compressed.k31.hapmer_from_utig4-137'
[VERBOSE] PATH REPLACED: 'dam_compressed.k31.hapmer_from_utig4-903' was replaced by patch(es) 'dam_compressed.k31.hapmer_from_utig4-903'
[VERBOSE] PATH MERGED: 'dam_compressed.k31.hapmer_from_utig4-797' was replaced by patch(es) 'dam_compressed.k31.hapmer_from_utig4-549' (combined with 'dam_compressed.k31.hapmer_from_utig4-549')'
[VERBOSE] PATH REPLACED: 'sire_compressed.k31.hapmer_from_utig4-1972' was replaced by patch(es) 'sire_compressed.k31.hapmer_from_utig4-1972'
[VERBOSE] PATH MERGED: 'dam_compressed.k31.hapmer_from_utig4-1346' was replaced by patch(es) 'dam_compressed.k31.hapmer_from_utig4-1953' (combined with 'dam_compressed.k31.hapmer_from_utig4-1953')'
[VERBOSE] PATH REPLACED: 'sire_compressed.k31.hapmer_from_utig4-1931' was replaced by patch(es) 'sire_compressed.k31.hapmer_from_utig4-1931'
[VERBOSE] PATH REPLACED: 'sire_compressed.k31.hapmer_from_utig4-2211' was replaced by patch(es) 'sire_compressed.k31.hapmer_from_utig4-2211'
[VERBOSE] PATH MERGED: 'dam_compressed.k31.hapmer_from_utig4-2111' was replaced by patch(es) 'dam_compressed.k31.hapmer_from_utig4-2111' (combined with 'dam_compressed.k31.hapmer_from_utig4-1306')'
[VERBOSE] PATH MERGED: 'dam_compressed.k31.hapmer_from_utig4-549' was replaced by patch(es) 'dam_compressed.k31.hapmer_from_utig4-549' (combined with 'dam_compressed.k31.hapmer_from_utig4-797')'
[VERBOSE] PATH MERGED: 'sire_compressed.k31.hapmer_from_utig4-2112' was replaced by patch(es) 'sire_compressed.k31.hapmer_from_utig4-2112' (combined with 'dam_compressed.k31.hapmer_from_utig4-1306')'
[VERBOSE] PATH MERGED: 'sire_compressed.k31.hapmer_from_utig4-1954' was replaced by patch(es) 'sire_compressed.k31.hapmer_from_utig4-1954' (combined with 'sire_compressed.k31.hapmer_from_utig4-901')'
[VERBOSE] PATH MERGED: 'dam_compressed.k31.hapmer_from_utig4-1953' was replaced by patch(es) 'dam_compressed.k31.hapmer_from_utig4-1953' (combined with 'dam_compressed.k31.hapmer_from_utig4-1346')'
[VERBOSE] PATH REPLACED: 'sire_compressed.k31.hapmer_from_utig4-548' was replaced by patch(es) 'sire_compressed.k31.hapmer_from_utig4-548'
[VERBOSE] PATH REPLACED: 'dam_compressed.k31.hapmer_from_utig4-867' was replaced by patch(es) 'dam_compressed.k31.hapmer_from_utig4-867'
[VERBOSE] PATH REPLACED: 'dam_compressed.k31.hapmer_from_utig4-1164' was replaced by patch(es) 'dam_compressed.k31.hapmer_from_utig4-1164'
[VERBOSE] PATH MERGED: 'dam_compressed.k31.hapmer_from_utig4-1729' was replaced by patch(es) 'dam_compressed.k31.hapmer_from_utig4-652' (combined with 'dam_compressed.k31.hapmer_from_utig4-652', 'dam_compressed.k31.hapmer_from_utig4-653')'
[VERBOSE] PATH MERGED: 'sire_compressed.k31.hapmer_from_utig4-1730' was replaced by patch(es) 'sire_compressed.k31.hapmer_from_utig4-1453' (combined with 'sire_compressed.k31.hapmer_from_utig4-1453', 'sire_compressed.k31.hapmer_from_utig4-643')'
[VERBOSE] PATH REPLACED: 'sire_compressed.k31.hapmer_from_utig4-1698' was replaced by patch(es) 'sire_compressed.k31.hapmer_from_utig4-1698'
[VERBOSE] PATH REPLACED: 'dam_compressed.k31.hapmer_from_utig4-1697' was replaced by patch(es) 'dam_compressed.k31.hapmer_from_utig4-1697'
[VERBOSE] PATH MERGED: 'dam_compressed.k31.hapmer_from_utig4-652' was replaced by patch(es) 'dam_compressed.k31.hapmer_from_utig4-652' (combined with 'dam_compressed.k31.hapmer_from_utig4-653', 'dam_compressed.k31.hapmer_from_utig4-1729')'
[VERBOSE] PATH MERGED: 'sire_compressed.k31.hapmer_from_utig4-1453' was replaced by patch(es) 'sire_compressed.k31.hapmer_from_utig4-1453' (combined with 'sire_compressed.k31.hapmer_from_utig4-643', 'sire_compressed.k31.hapmer_from_utig4-1730')'
[VERBOSE] PATH REPLACED: 'sire_compressed.k31.hapmer_from_utig4-2392' was replaced by patch(es) 'sire_compressed.k31.hapmer_from_utig4-2392'
[VERBOSE] PATH REPLACED: 'dam_compressed.k31.hapmer_from_utig4-811' was replaced by patch(es) 'dam_compressed.k31.hapmer_from_utig4-811'
[VERBOSE] PATH REPLACED: 'dam_compressed.k31.hapmer_from_utig4-1814' was replaced by patch(es) 'dam_compressed.k31.hapmer_from_utig4-1814'
[VERBOSE] PATH SPLIT: 'dam_compressed.k31.hapmer_from_utig4-1306' was replaced by patch(es) 'dam_compressed.k31.hapmer_from_utig4-2111', 'sire_compressed.k31.hapmer_from_utig4-2112'
[VERBOSE] PATH MERGED: 'sire_compressed.k31.hapmer_from_utig4-643' was replaced by patch(es) 'sire_compressed.k31.hapmer_from_utig4-1453' (combined with 'sire_compressed.k31.hapmer_from_utig4-1453', 'sire_compressed.k31.hapmer_from_utig4-1730')'
[VERBOSE] PATH MERGED: 'dam_compressed.k31.hapmer_from_utig4-653' was replaced by patch(es) 'dam_compressed.k31.hapmer_from_utig4-652' (combined with 'dam_compressed.k31.hapmer_from_utig4-652', 'dam_compressed.k31.hapmer_from_utig4-1729')'
[VERBOSE] PATH REPLACED: 'dam_compressed.k31.hapmer_from_utig4-812' was replaced by patch(es) 'dam_compressed.k31.hapmer_from_utig4-812'
[VERBOSE] NODE REACTIVATED: Unused node 'utig4-46' from 'na_unused_utig4-46' is now used by patch 'sire_compressed.k31.hapmer_from_utig4-137'
[VERBOSE] NODE REACTIVATED: Unused node 'utig4-145' from 'na_unused_utig4-145' is now used by patch 'dam_compressed.k31.hapmer_from_utig4-1953'
[VERBOSE] NODE REACTIVATED: Unused node 'utig4-165' from 'dam_compressed.k31.hapmer_unused_utig4-165' is now used by patch 'dam_compressed.k31.hapmer_from_utig4-1953'
[VERBOSE] NODE REACTIVATED: Unused node 'utig4-166' from 'dam_compressed.k31.hapmer_unused_utig4-166' is now used by patch 'dam_compressed.k31.hapmer_from_utig4-1953'
[VERBOSE] NODE REACTIVATED: Unused node 'utig4-167' from 'dam_compressed.k31.hapmer_unused_utig4-167' is now used by patch 'dam_compressed.k31.hapmer_from_utig4-1953'
[VERBOSE] NODE REACTIVATED: Unused node 'utig4-240' from 'sire_compressed.k31.hapmer_unused_utig4-240' is now used by patch 'sire_compressed.k31.hapmer_from_utig4-137'
[VERBOSE] NODE REACTIVATED: Unused node 'utig4-241' from 'sire_compressed.k31.hapmer_unused_utig4-241' is now used by patch 'sire_compressed.k31.hapmer_from_utig4-137'
[VERBOSE] NODE REACTIVATED: Unused node 'utig4-244' from 'sire_compressed.k31.hapmer_unused_utig4-244' is now used by patch 'sire_compressed.k31.hapmer_from_utig4-137'
[VERBOSE] NODE REACTIVATED: Unused node 'utig4-341' from 'sire_compressed.k31.hapmer_unused_utig4-341' is now used by patch 'sire_compressed.k31.hapmer_from_utig4-2061'
[VERBOSE] NODE REACTIVATED: Unused node 'utig4-343' from 'sire_compressed.k31.hapmer_unused_utig4-343' is now used by patch 'sire_compressed.k31.hapmer_from_utig4-2061'
[VERBOSE] NODE REACTIVATED: Unused node 'utig4-345' from 'sire_compressed.k31.hapmer_unused_utig4-345' is now used by patch 'sire_compressed.k31.hapmer_from_utig4-2061'
[VERBOSE] NODE REACTIVATED: Unused node 'utig4-378' from 'sire_compressed.k31.hapmer_unused_utig4-378' is now used by patch 'sire_compressed.k31.hapmer_from_utig4-2061'
[VERBOSE] NODE REACTIVATED: Unused node 'utig4-379' from 'sire_compressed.k31.hapmer_unused_utig4-379' is now used by patch 'sire_compressed.k31.hapmer_from_utig4-2061'
[VERBOSE] NODE REACTIVATED: Unused node 'utig4-393' from 'sire_compressed.k31.hapmer_unused_utig4-393' is now used by patch 'sire_compressed.k31.hapmer_from_utig4-137'
[VERBOSE] NODE REACTIVATED: Unused node 'utig4-395' from 'sire_compressed.k31.hapmer_unused_utig4-395' is now used by patch 'sire_compressed.k31.hapmer_from_utig4-137'
[VERBOSE] NODE REACTIVATED: Unused node 'utig4-398' from 'sire_compressed.k31.hapmer_unused_utig4-398' is now used by patch 'sire_compressed.k31.hapmer_from_utig4-137'
[VERBOSE] NODE REACTIVATED: Unused node 'utig4-399' from 'sire_compressed.k31.hapmer_unused_utig4-399' is now used by patch 'sire_compressed.k31.hapmer_from_utig4-137'
[VERBOSE] NODE REACTIVATED: Unused node 'utig4-478' from 'na_unused_utig4-478' is now used by patch 'sire_compressed.k31.hapmer_from_utig4-1698'
[VERBOSE] NODE REACTIVATED: Unused node 'utig4-485' from 'sire_compressed.k31.hapmer_unused_utig4-485' is now used by patch 'sire_compressed.k31.hapmer_from_utig4-1453'
[VERBOSE] NODE REACTIVATED: Unused node 'utig4-486' from 'sire_compressed.k31.hapmer_unused_utig4-486' is now used by patch 'sire_compressed.k31.hapmer_from_utig4-1453'
[VERBOSE] NODE REACTIVATED: Unused node 'utig4-487' from 'sire_compressed.k31.hapmer_unused_utig4-487' is now used by patch 'sire_compressed.k31.hapmer_from_utig4-1453'
[VERBOSE] NODE REACTIVATED: Unused node 'utig4-513' from 'sire_compressed.k31.hapmer_unused_utig4-513' is now used by patch 'sire_compressed.k31.hapmer_from_utig4-137'
[VERBOSE] NODE REACTIVATED: Unused node 'utig4-514' from 'sire_compressed.k31.hapmer_unused_utig4-514' is now used by patch 'sire_compressed.k31.hapmer_from_utig4-137'
[VERBOSE] NODE REACTIVATED: Unused node 'utig4-516' from 'sire_compressed.k31.hapmer_unused_utig4-516' is now used by patch 'sire_compressed.k31.hapmer_from_utig4-137'
[VERBOSE] NODE REACTIVATED: Unused node 'utig4-567' from 'na_unused_utig4-567' is now used by patch 'sire_compressed.k31.hapmer_from_utig4-137'
[VERBOSE] NODE REACTIVATED: Unused node 'utig4-570' from 'sire_compressed.k31.hapmer_unused_utig4-570' is now used by patch 'sire_compressed.k31.hapmer_from_utig4-1453'
[VERBOSE] NODE REACTIVATED: Unused node 'utig4-571' from 'sire_compressed.k31.hapmer_unused_utig4-571' is now used by patch 'sire_compressed.k31.hapmer_from_utig4-1453'
[VERBOSE] NODE REACTIVATED: Unused node 'utig4-572' from 'sire_compressed.k31.hapmer_unused_utig4-572' is now used by patch 'sire_compressed.k31.hapmer_from_utig4-1453'
[VERBOSE] NODE REACTIVATED: Unused node 'utig4-573' from 'sire_compressed.k31.hapmer_unused_utig4-573' is now used by patch 'sire_compressed.k31.hapmer_from_utig4-1453'
[VERBOSE] NODE REACTIVATED: Unused node 'utig4-574' from 'sire_compressed.k31.hapmer_unused_utig4-574' is now used by patch 'sire_compressed.k31.hapmer_from_utig4-1453'
[VERBOSE] NODE REACTIVATED: Unused node 'utig4-576' from 'sire_compressed.k31.hapmer_unused_utig4-576' is now used by patch 'sire_compressed.k31.hapmer_from_utig4-1453'
[VERBOSE] NODE REACTIVATED: Unused node 'utig4-577' from 'sire_compressed.k31.hapmer_unused_utig4-577' is now used by patch 'sire_compressed.k31.hapmer_from_utig4-1453'
[VERBOSE] NODE REACTIVATED: Unused node 'utig4-578' from 'sire_compressed.k31.hapmer_unused_utig4-578' is now used by patch 'sire_compressed.k31.hapmer_from_utig4-1453'
[VERBOSE] NODE REACTIVATED: Unused node 'utig4-596' from 'dam_compressed.k31.hapmer_unused_utig4-596' is now used by patch 'dam_compressed.k31.hapmer_from_utig4-936'
[VERBOSE] NODE REACTIVATED: Unused node 'utig4-597' from 'dam_compressed.k31.hapmer_unused_utig4-597' is now used by patch 'dam_compressed.k31.hapmer_from_utig4-936'
[VERBOSE] NODE REACTIVATED: Unused node 'utig4-598' from 'dam_compressed.k31.hapmer_unused_utig4-598' is now used by patch 'dam_compressed.k31.hapmer_from_utig4-936'
[VERBOSE] NODE REACTIVATED: Unused node 'utig4-599' from 'dam_compressed.k31.hapmer_unused_utig4-599' is now used by patch 'dam_compressed.k31.hapmer_from_utig4-936'
[VERBOSE] NODE REACTIVATED: Unused node 'utig4-623' from 'na_unused_utig4-623' is now used by patch 'dam_compressed.k31.hapmer_from_utig4-710'
[VERBOSE] NODE REACTIVATED: Unused node 'utig4-627' from 'sire_compressed.k31.hapmer_unused_utig4-627' is now used by patch 'sire_compressed.k31.hapmer_from_utig4-1453'
[VERBOSE] NODE REACTIVATED: Unused node 'utig4-629' from 'sire_compressed.k31.hapmer_unused_utig4-629' is now used by patch 'sire_compressed.k31.hapmer_from_utig4-1453'
[VERBOSE] NODE REACTIVATED: Unused node 'utig4-641' from 'sire_compressed.k31.hapmer_unused_utig4-641' is now used by patch 'sire_compressed.k31.hapmer_from_utig4-1453'
[VERBOSE] NODE REACTIVATED: Unused node 'utig4-642' from 'sire_compressed.k31.hapmer_unused_utig4-642' is now used by patch 'sire_compressed.k31.hapmer_from_utig4-1453'
[VERBOSE] NODE REACTIVATED: Unused node 'utig4-644' from 'sire_compressed.k31.hapmer_unused_utig4-644' is now used by patch 'sire_compressed.k31.hapmer_from_utig4-1453'
[VERBOSE] NODE REACTIVATED: Unused node 'utig4-650' from 'sire_compressed.k31.hapmer_unused_utig4-650' is now used by patch 'sire_compressed.k31.hapmer_from_utig4-1954'
[VERBOSE] NODE REACTIVATED: Unused node 'utig4-659' from 'sire_compressed.k31.hapmer_unused_utig4-659' is now used by patch 'sire_compressed.k31.hapmer_from_utig4-1727'
[VERBOSE] NODE REACTIVATED: Unused node 'utig4-662' from 'sire_compressed.k31.hapmer_unused_utig4-662' is now used by patch 'sire_compressed.k31.hapmer_from_utig4-1727'
[VERBOSE] NODE REACTIVATED: Unused node 'utig4-663' from 'sire_compressed.k31.hapmer_unused_utig4-663' is now used by patch 'sire_compressed.k31.hapmer_from_utig4-1453'
[VERBOSE] NODE REACTIVATED: Unused node 'utig4-665' from 'sire_compressed.k31.hapmer_unused_utig4-665' is now used by patch 'sire_compressed.k31.hapmer_from_utig4-1453'
[VERBOSE] NODE REACTIVATED: Unused node 'utig4-666' from 'sire_compressed.k31.hapmer_unused_utig4-666' is now used by patch 'sire_compressed.k31.hapmer_from_utig4-1453'
[VERBOSE] NODE REACTIVATED: Unused node 'utig4-667' from 'sire_compressed.k31.hapmer_unused_utig4-667' is now used by patch 'sire_compressed.k31.hapmer_from_utig4-1453'
[VERBOSE] NODE REACTIVATED: Unused node 'utig4-669' from 'sire_compressed.k31.hapmer_unused_utig4-669' is now used by patch 'sire_compressed.k31.hapmer_from_utig4-1453'
[VERBOSE] NODE REACTIVATED: Unused node 'utig4-670' from 'dam_compressed.k31.hapmer_unused_utig4-670' is now used by patch 'dam_compressed.k31.hapmer_from_utig4-1953'
[VERBOSE] NODE REACTIVATED: Unused node 'utig4-671' from 'dam_compressed.k31.hapmer_unused_utig4-671' is now used by patch 'dam_compressed.k31.hapmer_from_utig4-1953'
[VERBOSE] NODE REACTIVATED: Unused node 'utig4-680' from 'dam_compressed.k31.hapmer_unused_utig4-680' is now used by patch 'dam_compressed.k31.hapmer_from_utig4-1953'
[VERBOSE] NODE REACTIVATED: Unused node 'utig4-682' from 'dam_compressed.k31.hapmer_unused_utig4-682' is now used by patch 'dam_compressed.k31.hapmer_from_utig4-1953'
[VERBOSE] NODE REACTIVATED: Unused node 'utig4-688' from 'dam_compressed.k31.hapmer_unused_utig4-688' is now used by patch 'dam_compressed.k31.hapmer_from_utig4-1953'
[VERBOSE] NODE REACTIVATED: Unused node 'utig4-731' from 'sire_compressed.k31.hapmer_unused_utig4-731' is now used by patch 'sire_compressed.k31.hapmer_from_utig4-1453'
[VERBOSE] NODE REACTIVATED: Unused node 'utig4-732' from 'sire_compressed.k31.hapmer_unused_utig4-732' is now used by patch 'sire_compressed.k31.hapmer_from_utig4-1453'
[VERBOSE] NODE REACTIVATED: Unused node 'utig4-733' from 'sire_compressed.k31.hapmer_unused_utig4-733' is now used by patch 'sire_compressed.k31.hapmer_from_utig4-1453'
[VERBOSE] NODE REACTIVATED: Unused node 'utig4-735' from 'sire_compressed.k31.hapmer_unused_utig4-735' is now used by patch 'sire_compressed.k31.hapmer_from_utig4-1453'
[VERBOSE] NODE REACTIVATED: Unused node 'utig4-736' from 'sire_compressed.k31.hapmer_unused_utig4-736' is now used by patch 'sire_compressed.k31.hapmer_from_utig4-1453'
[VERBOSE] NODE REACTIVATED: Unused node 'utig4-737' from 'sire_compressed.k31.hapmer_unused_utig4-737' is now used by patch 'sire_compressed.k31.hapmer_from_utig4-1453'
[VERBOSE] NODE REACTIVATED: Unused node 'utig4-738' from 'sire_compressed.k31.hapmer_unused_utig4-738' is now used by patch 'sire_compressed.k31.hapmer_from_utig4-1453'
[VERBOSE] NODE REACTIVATED: Unused node 'utig4-740' from 'sire_compressed.k31.hapmer_unused_utig4-740' is now used by patch 'sire_compressed.k31.hapmer_from_utig4-1453'
[VERBOSE] NODE REACTIVATED: Unused node 'utig4-757' from 'na_unused_utig4-757' is now used by patch 'dam_compressed.k31.hapmer_from_utig4-710'
[VERBOSE] NODE REACTIVATED: Unused node 'utig4-783' from 'na_unused_utig4-783' is now used by patch 'sire_compressed.k31.hapmer_from_utig4-137'
[VERBOSE] NODE REACTIVATED: Unused node 'utig4-784' from 'na_unused_utig4-784' is now used by patch 'sire_compressed.k31.hapmer_from_utig4-137'
[VERBOSE] NODE REACTIVATED: Unused node 'utig4-788' from 'na_unused_utig4-788' is now used by patch 'sire_compressed.k31.hapmer_from_utig4-137'
[VERBOSE] NODE REACTIVATED: Unused node 'utig4-803' from 'dam_compressed.k31.hapmer_unused_utig4-803' is now used by patch 'dam_compressed.k31.hapmer_from_utig4-1953'
[VERBOSE] NODE REACTIVATED: Unused node 'utig4-805' from 'dam_compressed.k31.hapmer_unused_utig4-805' is now used by patch 'dam_compressed.k31.hapmer_from_utig4-1953'
[VERBOSE] NODE REACTIVATED: Unused node 'utig4-809' from 'dam_compressed.k31.hapmer_unused_utig4-809' is now used by patch 'dam_compressed.k31.hapmer_from_utig4-1953'
[VERBOSE] NODE REACTIVATED: Unused node 'utig4-814' from 'sire_compressed.k31.hapmer_unused_utig4-814' is now used by patch 'sire_compressed.k31.hapmer_from_utig4-2392'
[VERBOSE] NODE REACTIVATED: Unused node 'utig4-815' from 'sire_compressed.k31.hapmer_unused_utig4-815' is now used by patch 'sire_compressed.k31.hapmer_from_utig4-2392'
[VERBOSE] NODE REACTIVATED: Unused node 'utig4-816' from 'sire_compressed.k31.hapmer_unused_utig4-816' is now used by patch 'sire_compressed.k31.hapmer_from_utig4-2392'
[VERBOSE] NODE REACTIVATED: Unused node 'utig4-817' from 'sire_compressed.k31.hapmer_unused_utig4-817' is now used by patch 'sire_compressed.k31.hapmer_from_utig4-2392'
[VERBOSE] NODE REACTIVATED: Unused node 'utig4-856' from 'dam_compressed.k31.hapmer_unused_utig4-856' is now used by patch 'dam_compressed.k31.hapmer_from_utig4-652'
[VERBOSE] NODE REACTIVATED: Unused node 'utig4-899' from 'sire_compressed.k31.hapmer_unused_utig4-899' is now used by patch 'sire_compressed.k31.hapmer_from_utig4-1954'
[VERBOSE] NODE REACTIVATED: Unused node 'utig4-1020' from 'sire_compressed.k31.hapmer_unused_utig4-1020' is now used by patch 'sire_compressed.k31.hapmer_from_utig4-1453'
[VERBOSE] NODE REACTIVATED: Unused node 'utig4-1021' from 'sire_compressed.k31.hapmer_unused_utig4-1021' is now used by patch 'sire_compressed.k31.hapmer_from_utig4-1453'
[VERBOSE] NODE REACTIVATED: Unused node 'utig4-1022' from 'sire_compressed.k31.hapmer_unused_utig4-1022' is now used by patch 'sire_compressed.k31.hapmer_from_utig4-1453'
[VERBOSE] NODE REACTIVATED: Unused node 'utig4-1258' from 'sire_compressed.k31.hapmer_unused_utig4-1258' is now used by patch 'sire_compressed.k31.hapmer_from_utig4-548'
[VERBOSE] NODE REACTIVATED: Unused node 'utig4-1259' from 'sire_compressed.k31.hapmer_unused_utig4-1259' is now used by patch 'sire_compressed.k31.hapmer_from_utig4-548'
[VERBOSE] NODE REACTIVATED: Unused node 'utig4-1260' from 'sire_compressed.k31.hapmer_unused_utig4-1260' is now used by patch 'sire_compressed.k31.hapmer_from_utig4-548'
[VERBOSE] NODE REACTIVATED: Unused node 'utig4-1261' from 'sire_compressed.k31.hapmer_unused_utig4-1261' is now used by patch 'sire_compressed.k31.hapmer_from_utig4-548'
[VERBOSE] NODE REACTIVATED: Unused node 'utig4-1312' from 'sire_compressed.k31.hapmer_unused_utig4-1312' is now used by patch 'sire_compressed.k31.hapmer_from_utig4-1954'
[VERBOSE] NODE REACTIVATED: Unused node 'utig4-1313' from 'sire_compressed.k31.hapmer_unused_utig4-1313' is now used by patch 'sire_compressed.k31.hapmer_from_utig4-1954'
[VERBOSE] NODE REACTIVATED: Unused node 'utig4-1314' from 'sire_compressed.k31.hapmer_unused_utig4-1314' is now used by patch 'sire_compressed.k31.hapmer_from_utig4-1954'
[VERBOSE] NODE REACTIVATED: Unused node 'utig4-1316' from 'sire_compressed.k31.hapmer_unused_utig4-1316' is now used by patch 'sire_compressed.k31.hapmer_from_utig4-1954'
[VERBOSE] NODE REACTIVATED: Unused node 'utig4-1317' from 'sire_compressed.k31.hapmer_unused_utig4-1317' is now used by patch 'sire_compressed.k31.hapmer_from_utig4-1954'
[VERBOSE] NODE REACTIVATED: Unused node 'utig4-1319' from 'sire_compressed.k31.hapmer_unused_utig4-1319' is now used by patch 'sire_compressed.k31.hapmer_from_utig4-1954'
[VERBOSE] NODE REACTIVATED: Unused node 'utig4-1320' from 'sire_compressed.k31.hapmer_unused_utig4-1320' is now used by patch 'sire_compressed.k31.hapmer_from_utig4-1954'
[VERBOSE] NODE REACTIVATED: Unused node 'utig4-1331' from 'sire_compressed.k31.hapmer_unused_utig4-1331' is now used by patch 'sire_compressed.k31.hapmer_from_utig4-1453'
[VERBOSE] NODE REACTIVATED: Unused node 'utig4-1332' from 'sire_compressed.k31.hapmer_unused_utig4-1332' is now used by patch 'sire_compressed.k31.hapmer_from_utig4-1453'
[VERBOSE] NODE REACTIVATED: Unused node 'utig4-1333' from 'sire_compressed.k31.hapmer_unused_utig4-1333' is now used by patch 'sire_compressed.k31.hapmer_from_utig4-1453'
[VERBOSE] NODE REACTIVATED: Unused node 'utig4-1334' from 'sire_compressed.k31.hapmer_unused_utig4-1334' is now used by patch 'sire_compressed.k31.hapmer_from_utig4-1954'
[VERBOSE] NODE REACTIVATED: Unused node 'utig4-1335' from 'sire_compressed.k31.hapmer_unused_utig4-1335' is now used by patch 'sire_compressed.k31.hapmer_from_utig4-1453'
[VERBOSE] NODE REACTIVATED: Unused node 'utig4-1336' from 'sire_compressed.k31.hapmer_unused_utig4-1336' is now used by patch 'sire_compressed.k31.hapmer_from_utig4-1453'
[VERBOSE] NODE REACTIVATED: Unused node 'utig4-1340' from 'sire_compressed.k31.hapmer_unused_utig4-1340' is now used by patch 'sire_compressed.k31.hapmer_from_utig4-1453'
[VERBOSE] NODE REACTIVATED: Unused node 'utig4-1342' from 'sire_compressed.k31.hapmer_unused_utig4-1342' is now used by patch 'sire_compressed.k31.hapmer_from_utig4-1453'
[VERBOSE] NODE REACTIVATED: Unused node 'utig4-1343' from 'sire_compressed.k31.hapmer_unused_utig4-1343' is now used by patch 'sire_compressed.k31.hapmer_from_utig4-1453'
[VERBOSE] NODE REACTIVATED: Unused node 'utig4-1344' from 'sire_compressed.k31.hapmer_unused_utig4-1344' is now used by patch 'sire_compressed.k31.hapmer_from_utig4-1453'
[VERBOSE] NODE REACTIVATED: Unused node 'utig4-1349' from 'sire_compressed.k31.hapmer_unused_utig4-1349' is now used by patch 'sire_compressed.k31.hapmer_from_utig4-1453'
[VERBOSE] NODE REACTIVATED: Unused node 'utig4-1350' from 'sire_compressed.k31.hapmer_unused_utig4-1350' is now used by patch 'sire_compressed.k31.hapmer_from_utig4-1453'
[VERBOSE] NODE REACTIVATED: Unused node 'utig4-1351' from 'sire_compressed.k31.hapmer_unused_utig4-1351' is now used by patch 'sire_compressed.k31.hapmer_from_utig4-1453'
[VERBOSE] NODE REACTIVATED: Unused node 'utig4-1352' from 'sire_compressed.k31.hapmer_unused_utig4-1352' is now used by patch 'sire_compressed.k31.hapmer_from_utig4-1453'
[VERBOSE] NODE REACTIVATED: Unused node 'utig4-1354' from 'sire_compressed.k31.hapmer_unused_utig4-1354' is now used by patch 'sire_compressed.k31.hapmer_from_utig4-1453'
[VERBOSE] NODE REACTIVATED: Unused node 'utig4-1364' from 'na_unused_utig4-1364' is now used by patch 'sire_compressed.k31.hapmer_from_utig4-137'
[VERBOSE] NODE REACTIVATED: Unused node 'utig4-1368' from 'sire_compressed.k31.hapmer_unused_utig4-1368' is now used by patch 'sire_compressed.k31.hapmer_from_utig4-137'
[VERBOSE] NODE REACTIVATED: Unused node 'utig4-1418' from 'sire_compressed.k31.hapmer_unused_utig4-1418' is now used by patch 'sire_compressed.k31.hapmer_from_utig4-2061'
[VERBOSE] NODE REACTIVATED: Unused node 'utig4-1419' from 'sire_compressed.k31.hapmer_unused_utig4-1419' is now used by patch 'sire_compressed.k31.hapmer_from_utig4-2061'
[VERBOSE] NODE REACTIVATED: Unused node 'utig4-1421' from 'sire_compressed.k31.hapmer_unused_utig4-1421' is now used by patch 'sire_compressed.k31.hapmer_from_utig4-2061'
[VERBOSE] NODE REACTIVATED: Unused node 'utig4-1444' from 'sire_compressed.k31.hapmer_unused_utig4-1444' is now used by patch 'sire_compressed.k31.hapmer_from_utig4-1453'
[VERBOSE] NODE REACTIVATED: Unused node 'utig4-1445' from 'sire_compressed.k31.hapmer_unused_utig4-1445' is now used by patch 'sire_compressed.k31.hapmer_from_utig4-1453'
[VERBOSE] NODE REACTIVATED: Unused node 'utig4-1446' from 'sire_compressed.k31.hapmer_unused_utig4-1446' is now used by patch 'sire_compressed.k31.hapmer_from_utig4-1453'
[VERBOSE] NODE REACTIVATED: Unused node 'utig4-1447' from 'sire_compressed.k31.hapmer_unused_utig4-1447' is now used by patch 'sire_compressed.k31.hapmer_from_utig4-1453'
[VERBOSE] NODE REACTIVATED: Unused node 'utig4-1449' from 'sire_compressed.k31.hapmer_unused_utig4-1449' is now used by patch 'sire_compressed.k31.hapmer_from_utig4-1453'
[VERBOSE] NODE REACTIVATED: Unused node 'utig4-1450' from 'sire_compressed.k31.hapmer_unused_utig4-1450' is now used by patch 'sire_compressed.k31.hapmer_from_utig4-1453'
[VERBOSE] NODE REACTIVATED: Unused node 'utig4-1457' from 'sire_compressed.k31.hapmer_unused_utig4-1457' is now used by patch 'sire_compressed.k31.hapmer_from_utig4-1453'
[VERBOSE] NODE REACTIVATED: Unused node 'utig4-1458' from 'sire_compressed.k31.hapmer_unused_utig4-1458' is now used by patch 'sire_compressed.k31.hapmer_from_utig4-1453'
[VERBOSE] NODE REACTIVATED: Unused node 'utig4-1459' from 'sire_compressed.k31.hapmer_unused_utig4-1459' is now used by patch 'sire_compressed.k31.hapmer_from_utig4-1453'
[VERBOSE] NODE REACTIVATED: Unused node 'utig4-1460' from 'sire_compressed.k31.hapmer_unused_utig4-1460' is now used by patch 'sire_compressed.k31.hapmer_from_utig4-1453'
[VERBOSE] NODE REACTIVATED: Unused node 'utig4-1461' from 'sire_compressed.k31.hapmer_unused_utig4-1461' is now used by patch 'sire_compressed.k31.hapmer_from_utig4-1453'
[VERBOSE] NODE REACTIVATED: Unused node 'utig4-1462' from 'sire_compressed.k31.hapmer_unused_utig4-1462' is now used by patch 'sire_compressed.k31.hapmer_from_utig4-1453'
[VERBOSE] NODE REACTIVATED: Unused node 'utig4-1463' from 'sire_compressed.k31.hapmer_unused_utig4-1463' is now used by patch 'sire_compressed.k31.hapmer_from_utig4-1453'
[VERBOSE] NODE REACTIVATED: Unused node 'utig4-1464' from 'sire_compressed.k31.hapmer_unused_utig4-1464' is now used by patch 'sire_compressed.k31.hapmer_from_utig4-1453'
[VERBOSE] NODE REACTIVATED: Unused node 'utig4-1465' from 'sire_compressed.k31.hapmer_unused_utig4-1465' is now used by patch 'sire_compressed.k31.hapmer_from_utig4-1453'
[VERBOSE] NODE REACTIVATED: Unused node 'utig4-1466' from 'sire_compressed.k31.hapmer_unused_utig4-1466' is now used by patch 'sire_compressed.k31.hapmer_from_utig4-1453'
[VERBOSE] NODE REACTIVATED: Unused node 'utig4-1496' from 'sire_compressed.k31.hapmer_unused_utig4-1496' is now used by patch 'sire_compressed.k31.hapmer_from_utig4-1453'
[VERBOSE] NODE REACTIVATED: Unused node 'utig4-1504' from 'sire_compressed.k31.hapmer_unused_utig4-1504' is now used by patch 'sire_compressed.k31.hapmer_from_utig4-548'
[VERBOSE] NODE REACTIVATED: Unused node 'utig4-1505' from 'sire_compressed.k31.hapmer_unused_utig4-1505' is now used by patch 'sire_compressed.k31.hapmer_from_utig4-548'
[VERBOSE] NODE REACTIVATED: Unused node 'utig4-1560' from 'sire_compressed.k31.hapmer_unused_utig4-1560' is now used by patch 'sire_compressed.k31.hapmer_from_utig4-1453'
[VERBOSE] NODE REACTIVATED: Unused node 'utig4-1561' from 'sire_compressed.k31.hapmer_unused_utig4-1561' is now used by patch 'sire_compressed.k31.hapmer_from_utig4-1453'
[VERBOSE] NODE REACTIVATED: Unused node 'utig4-1624' from 'sire_compressed.k31.hapmer_unused_utig4-1624' is now used by patch 'sire_compressed.k31.hapmer_from_utig4-2061'
[VERBOSE] NODE REACTIVATED: Unused node 'utig4-1632' from 'sire_compressed.k31.hapmer_unused_utig4-1632' is now used by patch 'sire_compressed.k31.hapmer_from_utig4-1453'
[VERBOSE] NODE REACTIVATED: Unused node 'utig4-1633' from 'sire_compressed.k31.hapmer_unused_utig4-1633' is now used by patch 'sire_compressed.k31.hapmer_from_utig4-1453'
[VERBOSE] NODE REACTIVATED: Unused node 'utig4-1634' from 'sire_compressed.k31.hapmer_unused_utig4-1634' is now used by patch 'sire_compressed.k31.hapmer_from_utig4-1453'
[VERBOSE] NODE REACTIVATED: Unused node 'utig4-1638' from 'sire_compressed.k31.hapmer_unused_utig4-1638' is now used by patch 'sire_compressed.k31.hapmer_from_utig4-1453'
[VERBOSE] NODE REACTIVATED: Unused node 'utig4-1640' from 'sire_compressed.k31.hapmer_unused_utig4-1640' is now used by patch 'sire_compressed.k31.hapmer_from_utig4-1453'
[VERBOSE] NODE REACTIVATED: Unused node 'utig4-1641' from 'sire_compressed.k31.hapmer_unused_utig4-1641' is now used by patch 'sire_compressed.k31.hapmer_from_utig4-1453'
[VERBOSE] NODE REACTIVATED: Unused node 'utig4-1642' from 'sire_compressed.k31.hapmer_unused_utig4-1642' is now used by patch 'sire_compressed.k31.hapmer_from_utig4-1453'
[VERBOSE] NODE REACTIVATED: Unused node 'utig4-1644' from 'sire_compressed.k31.hapmer_unused_utig4-1644' is now used by patch 'sire_compressed.k31.hapmer_from_utig4-1453'
[VERBOSE] NODE REACTIVATED: Unused node 'utig4-1977' from 'na_unused_utig4-1977' is now used by patch 'sire_compressed.k31.hapmer_from_utig4-548'
[VERBOSE] NODE REACTIVATED: Unused node 'utig4-2045' from 'sire_compressed.k31.hapmer_unused_utig4-2045' is now used by patch 'sire_compressed.k31.hapmer_from_utig4-1453'
[VERBOSE] NODE REACTIVATED: Unused node 'utig4-2046' from 'sire_compressed.k31.hapmer_unused_utig4-2046' is now used by patch 'sire_compressed.k31.hapmer_from_utig4-1453'
[VERBOSE] NODE REACTIVATED: Unused node 'utig4-2093' from 'na_unused_utig4-2093' is now used by patch 'dam_compressed.k31.hapmer_from_utig4-867'
[VERBOSE] NODE REACTIVATED: Unused node 'utig4-2094' from 'dam_compressed.k31.hapmer_unused_utig4-2094' is now used by patch 'dam_compressed.k31.hapmer_from_utig4-867'
[VERBOSE] NODE REACTIVATED: Unused node 'utig4-2103' from 'dam_compressed.k31.hapmer_unused_utig4-2103' is now used by patch 'dam_compressed.k31.hapmer_from_utig4-1154'
[VERBOSE] NODE REACTIVATED: Unused node 'utig4-2105' from 'dam_compressed.k31.hapmer_unused_utig4-2105' is now used by patch 'dam_compressed.k31.hapmer_from_utig4-1154'
[VERBOSE] NODE REACTIVATED: Unused node 'utig4-2114' from 'dam_compressed.k31.hapmer_unused_utig4-2114' is now used by patch 'dam_compressed.k31.hapmer_from_utig4-1953'
[VERBOSE] NODE REACTIVATED: Unused node 'utig4-2117' from 'dam_compressed.k31.hapmer_unused_utig4-2117' is now used by patch 'dam_compressed.k31.hapmer_from_utig4-1953'
[VERBOSE] NODE REACTIVATED: Unused node 'utig4-2196' from 'dam_compressed.k31.hapmer_unused_utig4-2196' is now used by patch 'dam_compressed.k31.hapmer_from_utig4-1164'
[VERBOSE] NODE REACTIVATED: Unused node 'utig4-2242' from 'sire_compressed.k31.hapmer_unused_utig4-2242' is now used by patch 'sire_compressed.k31.hapmer_from_utig4-1972'
[VERBOSE] NODE REACTIVATED: Unused node 'utig4-2243' from 'sire_compressed.k31.hapmer_unused_utig4-2243' is now used by patch 'sire_compressed.k31.hapmer_from_utig4-1972'
[VERBOSE] NODE REACTIVATED: Unused node 'utig4-2244' from 'sire_compressed.k31.hapmer_unused_utig4-2244' is now used by patch 'sire_compressed.k31.hapmer_from_utig4-1972'
[VERBOSE] NODE REACTIVATED: Unused node 'utig4-2245' from 'sire_compressed.k31.hapmer_unused_utig4-2245' is now used by patch 'sire_compressed.k31.hapmer_from_utig4-1972'
[VERBOSE] NODE REACTIVATED: Unused node 'utig4-2259' from 'sire_compressed.k31.hapmer_unused_utig4-2259' is now used by patch 'sire_compressed.k31.hapmer_from_utig4-1727'
[VERBOSE] NODE REACTIVATED: Unused node 'utig4-2267' from 'dam_compressed.k31.hapmer_unused_utig4-2267' is now used by patch 'dam_compressed.k31.hapmer_from_utig4-936'
[VERBOSE] NODE REACTIVATED: Unused node 'utig4-2268' from 'dam_compressed.k31.hapmer_unused_utig4-2268' is now used by patch 'dam_compressed.k31.hapmer_from_utig4-936'
[VERBOSE] NODE REACTIVATED: Unused node 'utig4-2270' from 'na_unused_utig4-2270' is now used by patch 'dam_compressed.k31.hapmer_from_utig4-903'
[VERBOSE] NODE REACTIVATED: Unused node 'utig4-2271' from 'na_unused_utig4-2271' is now used by patch 'sire_compressed.k31.hapmer_from_utig4-137'
[VERBOSE] NODE REACTIVATED: Unused node 'utig4-2276' from 'sire_compressed.k31.hapmer_unused_utig4-2276' is now used by patch 'sire_compressed.k31.hapmer_from_utig4-1727'
[VERBOSE] NODE REACTIVATED: Unused node 'utig4-2279' from 'sire_compressed.k31.hapmer_unused_utig4-2279' is now used by patch 'sire_compressed.k31.hapmer_from_utig4-1727'
[VERBOSE] NODE REACTIVATED: Unused node 'utig4-2288' from 'sire_compressed.k31.hapmer_unused_utig4-2288' is now used by patch 'sire_compressed.k31.hapmer_from_utig4-1972'
[VERBOSE] NODE REACTIVATED: Unused node 'utig4-2312' from 'sire_compressed.k31.hapmer_unused_utig4-2312' is now used by patch 'sire_compressed.k31.hapmer_from_utig4-1727'
[VERBOSE] NODE REACTIVATED: Unused node 'utig4-2314' from 'sire_compressed.k31.hapmer_unused_utig4-2314' is now used by patch 'sire_compressed.k31.hapmer_from_utig4-1972'
[VERBOSE] NODE REACTIVATED: Unused node 'utig4-2317' from 'dam_compressed.k31.hapmer_unused_utig4-2317' is now used by patch 'dam_compressed.k31.hapmer_from_utig4-1154'
[VERBOSE] NODE REACTIVATED: Unused node 'utig4-2318' from 'dam_compressed.k31.hapmer_unused_utig4-2318' is now used by patch 'dam_compressed.k31.hapmer_from_utig4-1154'
[VERBOSE] NODE REACTIVATED: Unused node 'utig4-2319' from 'dam_compressed.k31.hapmer_unused_utig4-2319' is now used by patch 'dam_compressed.k31.hapmer_from_utig4-1154'
[VERBOSE] NODE REACTIVATED: Unused node 'utig4-2333' from 'sire_compressed.k31.hapmer_unused_utig4-2333' is now used by patch 'sire_compressed.k31.hapmer_from_utig4-1727'
[VERBOSE] NODE REACTIVATED: Unused node 'utig4-2336' from 'sire_compressed.k31.hapmer_unused_utig4-2336' is now used by patch 'sire_compressed.k31.hapmer_from_utig4-1727'
[VERBOSE] NODE REACTIVATED: Unused node 'utig4-2339' from 'sire_compressed.k31.hapmer_unused_utig4-2339' is now used by patch 'sire_compressed.k31.hapmer_from_utig4-1727'
[VERBOSE] NODE REACTIVATED: Unused node 'utig4-2340' from 'sire_compressed.k31.hapmer_unused_utig4-2340' is now used by patch 'sire_compressed.k31.hapmer_from_utig4-1727'
[VERBOSE] NODE REACTIVATED: Unused node 'utig4-2342' from 'sire_compressed.k31.hapmer_unused_utig4-2342' is now used by patch 'sire_compressed.k31.hapmer_from_utig4-1972'
[VERBOSE] NODE REACTIVATED: Unused node 'utig4-2345' from 'sire_compressed.k31.hapmer_unused_utig4-2345' is now used by patch 'sire_compressed.k31.hapmer_from_utig4-1972'
[VERBOSE] NODE REACTIVATED: Unused node 'utig4-2349' from 'sire_compressed.k31.hapmer_unused_utig4-2349' is now used by patch 'sire_compressed.k31.hapmer_from_utig4-1972'
[VERBOSE] NODE REACTIVATED: Unused node 'utig4-2352' from 'sire_compressed.k31.hapmer_unused_utig4-2352' is now used by patch 'sire_compressed.k31.hapmer_from_utig4-1972'
[VERBOSE] NODE REACTIVATED: Unused node 'utig4-2356' from 'sire_compressed.k31.hapmer_unused_utig4-2356' is now used by patch 'sire_compressed.k31.hapmer_from_utig4-1727'
[VERBOSE] NODE REACTIVATED: Unused node 'utig4-2360' from 'dam_compressed.k31.hapmer_unused_utig4-2360' is now used by patch 'dam_compressed.k31.hapmer_from_utig4-1154'
[VERBOSE] NODE REACTIVATED: Unused node 'utig4-2361' from 'dam_compressed.k31.hapmer_unused_utig4-2361' is now used by patch 'dam_compressed.k31.hapmer_from_utig4-1154'
[VERBOSE] NODE REACTIVATED: Unused node 'utig4-2362' from 'dam_compressed.k31.hapmer_unused_utig4-2362' is now used by patch 'dam_compressed.k31.hapmer_from_utig4-1154'
[VERBOSE] NODE REACTIVATED: Unused node 'utig4-2364' from 'dam_compressed.k31.hapmer_unused_utig4-2364' is now used by patch 'dam_compressed.k31.hapmer_from_utig4-1154'
[VERBOSE] NODE REACTIVATED: Unused node 'utig4-2382' from 'sire_compressed.k31.hapmer_unused_utig4-2382' is now used by patch 'sire_compressed.k31.hapmer_from_utig4-1972'
[VERBOSE] NODE REACTIVATED: Unused node 'utig4-2385' from 'sire_compressed.k31.hapmer_unused_utig4-2385' is now used by patch 'sire_compressed.k31.hapmer_from_utig4-1972'
[VERBOSE] NODE REACTIVATED: Unused node 'utig4-2386' from 'sire_compressed.k31.hapmer_unused_utig4-2386' is now used by patch 'sire_compressed.k31.hapmer_from_utig4-1972'
[VERBOSE] NODE REACTIVATED: Unused node 'utig4-2388' from 'sire_compressed.k31.hapmer_unused_utig4-2388' is now used by patch 'sire_compressed.k31.hapmer_from_utig4-1972'
[VERBOSE] NODE REACTIVATED: Unused node 'utig4-2394' from 'sire_compressed.k31.hapmer_unused_utig4-2394' is now used by patch 'sire_compressed.k31.hapmer_from_utig4-1972'
[VERBOSE] NODE REACTIVATED: Unused node 'utig4-2397' from 'sire_compressed.k31.hapmer_unused_utig4-2397' is now used by patch 'sire_compressed.k31.hapmer_from_utig4-1972'
[VERBOSE] NODE REACTIVATED: Unused node 'utig4-2409' from 'sire_compressed.k31.hapmer_unused_utig4-2409' is now used by patch 'sire_compressed.k31.hapmer_from_utig4-1972'
[VERBOSE] NODE REACTIVATED: Unused node 'utig4-2410' from 'sire_compressed.k31.hapmer_unused_utig4-2410' is now used by patch 'sire_compressed.k31.hapmer_from_utig4-1972'
[VERBOSE] NODE REACTIVATED: Unused node 'utig4-2414' from 'sire_compressed.k31.hapmer_unused_utig4-2414' is now used by patch 'sire_compressed.k31.hapmer_from_utig4-1453'
[VERBOSE] NODE REACTIVATED: Unused node 'utig4-2415' from 'sire_compressed.k31.hapmer_unused_utig4-2415' is now used by patch 'sire_compressed.k31.hapmer_from_utig4-1453'
[VERBOSE] NODE REACTIVATED: Unused node 'utig4-2416' from 'sire_compressed.k31.hapmer_unused_utig4-2416' is now used by patch 'sire_compressed.k31.hapmer_from_utig4-1453'
[VERBOSE] NODE REACTIVATED: Unused node 'utig4-2417' from 'sire_compressed.k31.hapmer_unused_utig4-2417' is now used by patch 'sire_compressed.k31.hapmer_from_utig4-1453'
[VERBOSE] NODE REACTIVATED: Unused node 'utig4-2422' from 'sire_compressed.k31.hapmer_unused_utig4-2422' is now used by patch 'sire_compressed.k31.hapmer_from_utig4-1453'
[VERBOSE] NODE REACTIVATED: Unused node 'utig4-2423' from 'sire_compressed.k31.hapmer_unused_utig4-2423' is now used by patch 'sire_compressed.k31.hapmer_from_utig4-1453'
[VERBOSE] NODE REACTIVATED: Unused node 'utig4-2442' from 'sire_compressed.k31.hapmer_unused_utig4-2442' is now used by patch 'sire_compressed.k31.hapmer_from_utig4-1972'
[VERBOSE] NODE REACTIVATED: Unused node 'utig4-2445' from 'sire_compressed.k31.hapmer_unused_utig4-2445' is now used by patch 'sire_compressed.k31.hapmer_from_utig4-2392'
[VERBOSE] NODE REACTIVATED: Unused node 'utig4-2449' from 'sire_compressed.k31.hapmer_unused_utig4-2449' is now used by patch 'sire_compressed.k31.hapmer_from_utig4-1453'
[VERBOSE] NODE REACTIVATED: Unused node 'utig4-2453' from 'sire_compressed.k31.hapmer_unused_utig4-2453' is now used by patch 'sire_compressed.k31.hapmer_from_utig4-1453'
[VERBOSE] NODE REACTIVATED: Unused node 'utig4-2464' from 'dam_compressed.k31.hapmer_unused_utig4-2464' is now used by patch 'dam_compressed.k31.hapmer_from_utig4-1154'
[VERBOSE] NODE REACTIVATED: Unused node 'utig4-2465' from 'dam_compressed.k31.hapmer_unused_utig4-2465' is now used by patch 'dam_compressed.k31.hapmer_from_utig4-1154'
[VERBOSE] NODE REACTIVATED: Unused node 'utig4-2467' from 'sire_compressed.k31.hapmer_unused_utig4-2467' is now used by patch 'sire_compressed.k31.hapmer_from_utig4-137'
[VERBOSE] NODE REACTIVATED: Unused node 'utig4-2469' from 'na_unused_utig4-2469' is now used by patch 'sire_compressed.k31.hapmer_from_utig4-137'
[VERBOSE] NODE REACTIVATED: Unused node 'utig4-2470' from 'na_unused_utig4-2470' is now used by patch 'sire_compressed.k31.hapmer_from_utig4-137'
[VERBOSE] NODE REACTIVATED: Unused node 'utig4-2481' from 'dam_compressed.k31.hapmer_unused_utig4-2481' is now used by patch 'dam_compressed.k31.hapmer_from_utig4-1154'
[VERBOSE] NODE REACTIVATED: Unused node 'utig4-2491' from 'dam_compressed.k31.hapmer_unused_utig4-2491' is now used by patch 'dam_compressed.k31.hapmer_from_utig4-1953'
[VERBOSE] NODE REACTIVATED: Unused node 'utig4-2495' from 'sire_compressed.k31.hapmer_unused_utig4-2495' is now used by patch 'sire_compressed.k31.hapmer_from_utig4-137'
[VERBOSE] NODE REACTIVATED: Unused node 'utig4-2505' from 'sire_compressed.k31.hapmer_unused_utig4-2505' is now used by patch 'sire_compressed.k31.hapmer_from_utig4-1453'
[VERBOSE] NODE ORPHANED: 'utig4-2214' was left completely unconnected and swept into unused.
